// Jest Snapshot v1, https://goo.gl/fbAQLP

exports[`Snackbar renders correctly 1`] = `
Object {
  "asFragment": [Function],
  "baseElement": <body>
    <div>
      <div
        aria-describedby="client-snackbar"
        class="MuiTypography-root-31 MuiTypography-body1-40 MuiPaper-root-4 MuiPaper-elevation6-12 MuiSnackbarContent-root-1 Hook-success-g4r5jr"
        role="alertdialog"
      >
        <div
          class="MuiSnackbarContent-message-2"
        >
          <span
            class="Hook-message-1v13ai5"
            id="client-snackbar"
          >
            <svg
              aria-hidden="true"
              class="MuiSvgIcon-root-67 Hook-icon-m363rg Hook-iconVariant-1rwfjsj"
              focusable="false"
              role="presentation"
              viewBox="0 0 24 24"
            >
              <path
                d="M0 0h24v24H0z"
                fill="none"
              />
              <path
                d="M12 2C6.48 2 2 6.48 2 12s4.48 10 10 10 10-4.48 10-10S17.52 2 12 2zm-2 15l-5-5 1.41-1.41L10 14.17l7.59-7.59L19 8l-9 9z"
              />
            </svg>
          </span>
        </div>
        <div
          class="MuiSnackbarContent-action-3"
        >
          <button
            aria-label="Close"
            class="MuiButtonBase-root-82 MuiIconButton-root-76 MuiIconButton-colorInherit-77"
            tabindex="0"
            type="button"
          >
            <span
              class="MuiIconButton-label-81"
            >
              <svg
                aria-hidden="true"
                class="MuiSvgIcon-root-67 Hook-icon-m363rg"
                focusable="false"
                role="presentation"
                viewBox="0 0 24 24"
              >
                <path
                  d="M19 6.41L17.59 5 12 10.59 6.41 5 5 6.41 10.59 12 5 17.59 6.41 19 12 13.41 17.59 19 19 17.59 13.41 12z"
                />
                <path
                  d="M0 0h24v24H0z"
                  fill="none"
                />
              </svg>
            </span>
            <span
              class="MuiTouchRipple-root-85"
            />
          </button>
        </div>
      </div>
    </div>
  </body>,
  "container": <div>
    <div
      aria-describedby="client-snackbar"
      class="MuiTypography-root-31 MuiTypography-body1-40 MuiPaper-root-4 MuiPaper-elevation6-12 MuiSnackbarContent-root-1 Hook-success-g4r5jr"
      role="alertdialog"
    >
      <div
        class="MuiSnackbarContent-message-2"
      >
        <span
          class="Hook-message-1v13ai5"
          id="client-snackbar"
        >
          <svg
            aria-hidden="true"
            class="MuiSvgIcon-root-67 Hook-icon-m363rg Hook-iconVariant-1rwfjsj"
            focusable="false"
            role="presentation"
            viewBox="0 0 24 24"
          >
            <path
              d="M0 0h24v24H0z"
              fill="none"
            />
            <path
              d="M12 2C6.48 2 2 6.48 2 12s4.48 10 10 10 10-4.48 10-10S17.52 2 12 2zm-2 15l-5-5 1.41-1.41L10 14.17l7.59-7.59L19 8l-9 9z"
            />
          </svg>
        </span>
      </div>
      <div
        class="MuiSnackbarContent-action-3"
      >
        <button
          aria-label="Close"
          class="MuiButtonBase-root-82 MuiIconButton-root-76 MuiIconButton-colorInherit-77"
          tabindex="0"
          type="button"
        >
          <span
            class="MuiIconButton-label-81"
          >
            <svg
              aria-hidden="true"
              class="MuiSvgIcon-root-67 Hook-icon-m363rg"
              focusable="false"
              role="presentation"
              viewBox="0 0 24 24"
            >
              <path
                d="M19 6.41L17.59 5 12 10.59 6.41 5 5 6.41 10.59 12 5 17.59 6.41 19 12 13.41 17.59 19 19 17.59 13.41 12z"
              />
              <path
                d="M0 0h24v24H0z"
                fill="none"
              />
            </svg>
          </span>
          <span
            class="MuiTouchRipple-root-85"
          />
        </button>
      </div>
    </div>
  </div>,
  "debug": [Function],
  "findAllByAltText": [Function],
  "findAllByDisplayValue": [Function],
  "findAllByLabelText": [Function],
  "findAllByPlaceholderText": [Function],
  "findAllByRole": [Function],
  "findAllByTestId": [Function],
  "findAllByText": [Function],
  "findAllByTitle": [Function],
  "findByAltText": [Function],
  "findByDisplayValue": [Function],
  "findByLabelText": [Function],
  "findByPlaceholderText": [Function],
  "findByRole": [Function],
  "findByTestId": [Function],
  "findByText": [Function],
  "findByTitle": [Function],
  "getAllByAltText": [Function],
  "getAllByDisplayValue": [Function],
  "getAllByLabelText": [Function],
  "getAllByPlaceholderText": [Function],
  "getAllByRole": [Function],
  "getAllBySelectText": [Function],
  "getAllByTestId": [Function],
  "getAllByText": [Function],
  "getAllByTitle": [Function],
  "getAllByValue": [Function],
  "getByAltText": [Function],
  "getByDisplayValue": [Function],
  "getByLabelText": [Function],
  "getByPlaceholderText": [Function],
  "getByRole": [Function],
  "getBySelectText": [Function],
  "getByTestId": [Function],
  "getByText": [Function],
  "getByTitle": [Function],
  "getByValue": [Function],
  "queryAllByAltText": [Function],
  "queryAllByDisplayValue": [Function],
  "queryAllByLabelText": [Function],
  "queryAllByPlaceholderText": [Function],
  "queryAllByRole": [Function],
  "queryAllBySelectText": [Function],
  "queryAllByTestId": [Function],
  "queryAllByText": [Function],
  "queryAllByTitle": [Function],
  "queryAllByValue": [Function],
  "queryByAltText": [Function],
  "queryByDisplayValue": [Function],
  "queryByLabelText": [Function],
  "queryByPlaceholderText": [Function],
  "queryByRole": [Function],
  "queryBySelectText": [Function],
  "queryByTestId": [Function],
  "queryByText": [Function],
  "queryByTitle": [Function],
  "queryByValue": [Function],
  "rerender": [Function],
  "unmount": [Function],
}
`;
