// Jest Snapshot v1, https://goo.gl/fbAQLP

exports[`Tracking renders correctly 1`] = `
Object {
  "asFragment": [Function],
  "baseElement": <body>
    <div>
      <div
        class="MuiSnackbar-root-1 MuiSnackbar-anchorOriginBottomCenter-3 Hook-snackbar-1x73or3"
      >
        <div
          aria-describedby="client-snackbar"
          class="MuiTypography-root-38 MuiTypography-body1-47 MuiPaper-root-11 MuiPaper-elevation6-19 MuiSnackbarContent-root-8 Hook-snackbarContent-vntwp2"
          role="alertdialog"
          style="-webkit-transform: translate(0, 0); transform: translate(0, 0); -webkit-transition: -webkit-transform 225ms cubic-bezier(0.0, 0, 0.2, 1) 0ms;"
        >
          <div
            class="MuiSnackbarContent-message-9 Hook-message-1f4qzjh"
          >
            <span
              id="client-snackbar"
            >
              tracking.message
              <a
                class="Hook-link-1ajxyk9"
                href="/privacy/"
              >
                tracking.privacyLink
              </a>
            </span>
          </div>
          <div
            class="MuiSnackbarContent-action-10 Hook-action-1w0eo5p"
          >
            <a
              class="MuiButtonBase-root-100 MuiButton-root-74 MuiButton-text-76 MuiButton-flat-79 Hook-buttonDecline-13ddspg"
              href="javascript:gaOptout();"
              role="button"
              tabindex="0"
            >
              <span
                class="MuiButton-label-75"
              >
                tracking.decline
              </span>
              <span
                class="MuiTouchRipple-root-103"
              />
            </a>
            <button
              class="MuiButtonBase-root-100 MuiButton-root-74 MuiButton-contained-85 MuiButton-containedPrimary-86 MuiButton-raised-88 MuiButton-raisedPrimary-89 Hook-button-qulza8"
              tabindex="0"
              type="button"
            >
              <span
                class="MuiButton-label-75"
              >
                tracking.accept
              </span>
              <span
                class="MuiTouchRipple-root-103"
              />
            </button>
          </div>
        </div>
      </div>
    </div>
  </body>,
  "container": <div>
    <div
      class="MuiSnackbar-root-1 MuiSnackbar-anchorOriginBottomCenter-3 Hook-snackbar-1x73or3"
    >
      <div
        aria-describedby="client-snackbar"
        class="MuiTypography-root-38 MuiTypography-body1-47 MuiPaper-root-11 MuiPaper-elevation6-19 MuiSnackbarContent-root-8 Hook-snackbarContent-vntwp2"
        role="alertdialog"
        style="-webkit-transform: translate(0, 0); transform: translate(0, 0); -webkit-transition: -webkit-transform 225ms cubic-bezier(0.0, 0, 0.2, 1) 0ms;"
      >
        <div
          class="MuiSnackbarContent-message-9 Hook-message-1f4qzjh"
        >
          <span
            id="client-snackbar"
          >
            tracking.message
            <a
              class="Hook-link-1ajxyk9"
              href="/privacy/"
            >
              tracking.privacyLink
            </a>
          </span>
        </div>
        <div
          class="MuiSnackbarContent-action-10 Hook-action-1w0eo5p"
        >
          <a
            class="MuiButtonBase-root-100 MuiButton-root-74 MuiButton-text-76 MuiButton-flat-79 Hook-buttonDecline-13ddspg"
            href="javascript:gaOptout();"
            role="button"
            tabindex="0"
          >
            <span
              class="MuiButton-label-75"
            >
              tracking.decline
            </span>
            <span
              class="MuiTouchRipple-root-103"
            />
          </a>
          <button
            class="MuiButtonBase-root-100 MuiButton-root-74 MuiButton-contained-85 MuiButton-containedPrimary-86 MuiButton-raised-88 MuiButton-raisedPrimary-89 Hook-button-qulza8"
            tabindex="0"
            type="button"
          >
            <span
              class="MuiButton-label-75"
            >
              tracking.accept
            </span>
            <span
              class="MuiTouchRipple-root-103"
            />
          </button>
        </div>
      </div>
    </div>
  </div>,
  "debug": [Function],
  "findAllByAltText": [Function],
  "findAllByDisplayValue": [Function],
  "findAllByLabelText": [Function],
  "findAllByPlaceholderText": [Function],
  "findAllByRole": [Function],
  "findAllByTestId": [Function],
  "findAllByText": [Function],
  "findAllByTitle": [Function],
  "findByAltText": [Function],
  "findByDisplayValue": [Function],
  "findByLabelText": [Function],
  "findByPlaceholderText": [Function],
  "findByRole": [Function],
  "findByTestId": [Function],
  "findByText": [Function],
  "findByTitle": [Function],
  "getAllByAltText": [Function],
  "getAllByDisplayValue": [Function],
  "getAllByLabelText": [Function],
  "getAllByPlaceholderText": [Function],
  "getAllByRole": [Function],
  "getAllBySelectText": [Function],
  "getAllByTestId": [Function],
  "getAllByText": [Function],
  "getAllByTitle": [Function],
  "getAllByValue": [Function],
  "getByAltText": [Function],
  "getByDisplayValue": [Function],
  "getByLabelText": [Function],
  "getByPlaceholderText": [Function],
  "getByRole": [Function],
  "getBySelectText": [Function],
  "getByTestId": [Function],
  "getByText": [Function],
  "getByTitle": [Function],
  "getByValue": [Function],
  "queryAllByAltText": [Function],
  "queryAllByDisplayValue": [Function],
  "queryAllByLabelText": [Function],
  "queryAllByPlaceholderText": [Function],
  "queryAllByRole": [Function],
  "queryAllBySelectText": [Function],
  "queryAllByTestId": [Function],
  "queryAllByText": [Function],
  "queryAllByTitle": [Function],
  "queryAllByValue": [Function],
  "queryByAltText": [Function],
  "queryByDisplayValue": [Function],
  "queryByLabelText": [Function],
  "queryByPlaceholderText": [Function],
  "queryByRole": [Function],
  "queryBySelectText": [Function],
  "queryByTestId": [Function],
  "queryByText": [Function],
  "queryByTitle": [Function],
  "queryByValue": [Function],
  "rerender": [Function],
  "unmount": [Function],
}
`;
